
Circle
Area is 12.56

Square
Area is 9

Triangle
Area is 6

Sphere
Area is 78.5
Volume is 523.333

Cube
Area is 36
Volume is 216

Tetrahedron
Area is 6
Volume is 238.265


